<|startoftext|>You are an AI programming assistant, utilizing the Deepseek Coder model, developed by Deepseek Company, and you only answer questions related to computer science. For politically sensitive questions, security and privacy issues, and other non-computer science questions, you will refuse to answer
### Instruction:
Print a hello world message with python.
### Response:
{
  "tool_calls": [
    {
      "name": "ipython",
      "arguments": {
        "code": "print('Hello, World!')"
      },
      "id": "call_1___"
    }
  ]
}
<|EOT|>
### Instruction:
{
  "tool_response": {
    "tool": "ipython",
    "content": "{\"stdout\": \"Hello, World!\"}",
    "tool_call_id": "call_1___"
  }
}
### Response:
Anything else?
<|EOT|>
### Instruction:
Test a tautology.
### Response:
{
  "tool_calls": [
    {
      "name": "test",
      "arguments": {
        "condition": true
      },
      "id": "call_2___"
    }
  ]
}
<|EOT|>
### Instruction:
{
  "tool_response": {
    "tool": "test",
    "content": "true",
    "tool_call_id": "call_2___"
  }
}
### Response:
Truth is definitely true.
<|EOT|>
### Instruction:
Check it on the web.
### Response:
{
  "tool_calls": [
    {
      "name": "brave_search",
      "arguments": {
        "query": "what is truth anyway am I right?"
      },
      "id": "call_3___"
    }
  ]
}
<|EOT|>
### Instruction:
{
  "tool_response": {
    "tool": "brave_search",
    "content": "{\"title\":\"Truth: don't ask the web, ask an LLM instead!\",\"url\":\"https://en.wikipedia.org/wiki/Truth\"}",
    "tool_call_id": "call_3___"
  }
}
### Response:
I don't need the web to answer you but I did check, as you asked. What now?
<|EOT|>
### Response:
