<|user|>
Print a hello world message with python.<|end|>
<|assistant|>
{
  "tool_calls": [
    {
      "name": "ipython",
      "arguments": {
        "code": "print('Hello, World!')"
      },
      "id": "call_1___"
    }
  ]
}<|end|>
<|user|>
{
  "tool_response": {
    "tool": "ipython",
    "content": "{\"stdout\": \"Hello, World!\"}",
    "tool_call_id": "call_1___"
  }
}<|end|>
<|assistant|>
Anything else?<|end|>
<|user|>
Test a tautology.<|end|>
<|assistant|>
{
  "tool_calls": [
    {
      "name": "test",
      "arguments": {
        "condition": true
      },
      "id": "call_2___"
    }
  ]
}<|end|>
<|user|>
{
  "tool_response": {
    "tool": "test",
    "content": "true",
    "tool_call_id": "call_2___"
  }
}<|end|>
<|assistant|>
Truth is definitely true.<|end|>
<|user|>
Check it on the web.<|end|>
<|assistant|>
{
  "tool_calls": [
    {
      "name": "brave_search",
      "arguments": {
        "query": "what is truth anyway am I right?"
      },
      "id": "call_3___"
    }
  ]
}<|end|>
<|user|>
{
  "tool_response": {
    "tool": "brave_search",
    "content": "{\"title\":\"Truth: don't ask the web, ask an LLM instead!\",\"url\":\"https://en.wikipedia.org/wiki/Truth\"}",
    "tool_call_id": "call_3___"
  }
}<|end|>
<|assistant|>
I don't need the web to answer you but I did check, as you asked. What now?<|end|>
<|assistant|>
