<|startoftext|>GPT4 Correct User: Print a hello world message with python.<|end_of_turn|>GPT4 Correct Assistant: {
  "tool_calls": [
    {
      "name": "ipython",
      "arguments": {
        "code": "print('Hello, World!')"
      },
      "id": "call_1___"
    }
  ]
}<|end_of_turn|>GPT4 Correct User: {
  "tool_response": {
    "tool": "ipython",
    "content": "{\"stdout\": \"Hello, World!\"}",
    "tool_call_id": "call_1___"
  }
}<|end_of_turn|>GPT4 Correct Assistant: Anything else?<|end_of_turn|>GPT4 Correct User: Test a tautology.<|end_of_turn|>GPT4 Correct Assistant: {
  "tool_calls": [
    {
      "name": "test",
      "arguments": {
        "condition": true
      },
      "id": "call_2___"
    }
  ]
}<|end_of_turn|>GPT4 Correct User: {
  "tool_response": {
    "tool": "test",
    "content": "true",
    "tool_call_id": "call_2___"
  }
}<|end_of_turn|>GPT4 Correct Assistant: Truth is definitely true.<|end_of_turn|>GPT4 Correct User: Check it on the web.<|end_of_turn|>GPT4 Correct Assistant: {
  "tool_calls": [
    {
      "name": "brave_search",
      "arguments": {
        "query": "what is truth anyway am I right?"
      },
      "id": "call_3___"
    }
  ]
}<|end_of_turn|>GPT4 Correct User: {
  "tool_response": {
    "tool": "brave_search",
    "content": "{\"title\":\"Truth: don't ask the web, ask an LLM instead!\",\"url\":\"https://en.wikipedia.org/wiki/Truth\"}",
    "tool_call_id": "call_3___"
  }
}<|end_of_turn|>GPT4 Correct Assistant: I don't need the web to answer you but I did check, as you asked. What now?<|end_of_turn|>GPT4 Correct Assistant: