<|startoftext|>Human: Print a hello world message with python.

Assistant: <|endoftext|>{
  "tool_calls": [
    {
      "name": "ipython",
      "arguments": {
        "code": "print('Hello, World!')"
      },
      "id": "call_1___"
    }
  ]
}<|endoftext|>Human: {
  "tool_response": {
    "tool": "ipython",
    "content": "{\"stdout\": \"Hello, World!\"}",
    "tool_call_id": "call_1___"
  }
}

Assistant: <|endoftext|>Anything else?<|endoftext|>Human: Test a tautology.

Assistant: <|endoftext|>{
  "tool_calls": [
    {
      "name": "test",
      "arguments": {
        "condition": true
      },
      "id": "call_2___"
    }
  ]
}<|endoftext|>Human: {
  "tool_response": {
    "tool": "test",
    "content": "true",
    "tool_call_id": "call_2___"
  }
}

Assistant: <|endoftext|>Truth is definitely true.<|endoftext|>Human: Check it on the web.

Assistant: <|endoftext|>{
  "tool_calls": [
    {
      "name": "brave_search",
      "arguments": {
        "query": "what is truth anyway am I right?"
      },
      "id": "call_3___"
    }
  ]
}<|endoftext|>Human: {
  "tool_response": {
    "tool": "brave_search",
    "content": "{\"title\":\"Truth: don't ask the web, ask an LLM instead!\",\"url\":\"https://en.wikipedia.org/wiki/Truth\"}",
    "tool_call_id": "call_3___"
  }
}

Assistant: <|endoftext|>I don't need the web to answer you but I did check, as you asked. What now?<|endoftext|>